warning: failed to parse serde attribute
  | 
  | #[serde(default, skip_serializing_if = "Option::is_none")]
  | 
  = note: ts-rs failed to parse this attribute. It will be ignored.
warning: failed to parse serde attribute
  | 
  | #[serde(skip_serializing_if = "Option::is_none")]
  | 
  = note: ts-rs failed to parse this attribute. It will be ignored.
warning: failed to parse serde attribute
  | 
  | #[serde(default, skip_serializing_if = "Option::is_none")]
  | 
  = note: ts-rs failed to parse this attribute. It will be ignored.
warning: failed to parse serde attribute
  | 
  | #[serde(default, skip_serializing_if = "Option::is_none")]
  | 
  = note: ts-rs failed to parse this attribute. It will be ignored.
warning: failed to parse serde attribute
  | 
  | #[serde(default, skip_serializing_if = "Option::is_none")]
  | 
  = note: ts-rs failed to parse this attribute. It will be ignored.
warning: failed to parse serde attribute
  | 
  | #[serde(skip_serializing_if = "Option::is_none")]
  | 
  = note: ts-rs failed to parse this attribute. It will be ignored.
warning: failed to parse serde attribute
  | 
  | #[serde(default, skip_serializing_if = "Option::is_none")]
  | 
  = note: ts-rs failed to parse this attribute. It will be ignored.
warning: failed to parse serde attribute
  | 
  | #[serde(default, skip_serializing_if = "Option::is_none")]
  | 
  = note: ts-rs failed to parse this attribute. It will be ignored.
warning: failed to parse serde attribute
  | 
  | #[serde(deserialize_with = "deserialize_cue_seconds")]
  | 
  = note: ts-rs failed to parse this attribute. It will be ignored.
warning: failed to parse serde attribute
  | 
  | #[serde(deny_unknown_fields)]
  | 
  = note: ts-rs failed to parse this attribute. It will be ignored.
warning: failed to parse serde attribute
  | 
  | #[serde(default, skip_serializing_if = "Option::is_none")]
  | 
  = note: ts-rs failed to parse this attribute. It will be ignored.
warning: failed to parse serde attribute
  | 
  | #[serde(default, skip_serializing_if = "Option::is_none")]
  | 
  = note: ts-rs failed to parse this attribute. It will be ignored.
warning: failed to parse serde attribute
  | 
  | #[serde(skip_serializing_if = "Option::is_none")]
  | 
  = note: ts-rs failed to parse this attribute. It will be ignored.
warning: failed to parse serde attribute
  | 
  | #[serde(skip_serializing_if = "Option::is_none")]
  | 
  = note: ts-rs failed to parse this attribute. It will be ignored.
warning: failed to parse serde attribute
  | 
  | #[serde(skip_serializing_if = "Option::is_none")]
  | 
  = note: ts-rs failed to parse this attribute. It will be ignored.
   Compiling server v0.0.0 (E:\allwork\download\agent\understand-book-reading-share\crates\server)
    Finished `test` profile [unoptimized + debuginfo] target(s) in 47.47s
     Running unittests src\lib.rs (target\debug\deps\server-e6140f0c20c22aad.exe)

running 2 tests
test tests::mu5_tests::rs5_resumption_without_questions_and_after_chat_deletion_keeps_position ... ok
test tests::mu5_tests::rs5_resumption_reads_committed_scene_without_warming_or_writing_it ... ok

test result: ok. 2 passed; 0 failed; 0 ignored; 0 measured; 679 filtered out; finished in 5.25s

