warning: failed to parse serde attribute
  | 
  | #[serde(default, skip_serializing_if = "Option::is_none")]
  | 
  = note: ts-rs failed to parse this attribute. It will be ignored.
warning: failed to parse serde attribute
  | 
  | #[serde(skip_serializing_if = "Option::is_none")]
  | 
  = note: ts-rs failed to parse this attribute. It will be ignored.
warning: failed to parse serde attribute
  | 
  | #[serde(default, skip_serializing_if = "Option::is_none")]
  | 
  = note: ts-rs failed to parse this attribute. It will be ignored.
warning: failed to parse serde attribute
  | 
  | #[serde(default, skip_serializing_if = "Option::is_none")]
  | 
  = note: ts-rs failed to parse this attribute. It will be ignored.
warning: failed to parse serde attribute
  | 
  | #[serde(default, skip_serializing_if = "Option::is_none")]
  | 
  = note: ts-rs failed to parse this attribute. It will be ignored.
warning: failed to parse serde attribute
  | 
  | #[serde(skip_serializing_if = "Option::is_none")]
  | 
  = note: ts-rs failed to parse this attribute. It will be ignored.
warning: failed to parse serde attribute
  | 
  | #[serde(default, skip_serializing_if = "Option::is_none")]
  | 
  = note: ts-rs failed to parse this attribute. It will be ignored.
warning: failed to parse serde attribute
  | 
  | #[serde(default, skip_serializing_if = "Option::is_none")]
  | 
  = note: ts-rs failed to parse this attribute. It will be ignored.
warning: failed to parse serde attribute
  | 
  | #[serde(deserialize_with = "deserialize_cue_seconds")]
  | 
  = note: ts-rs failed to parse this attribute. It will be ignored.
warning: failed to parse serde attribute
  | 
  | #[serde(deny_unknown_fields)]
  | 
  = note: ts-rs failed to parse this attribute. It will be ignored.
warning: failed to parse serde attribute
  | 
  | #[serde(default, skip_serializing_if = "Option::is_none")]
  | 
  = note: ts-rs failed to parse this attribute. It will be ignored.
warning: failed to parse serde attribute
  | 
  | #[serde(default, skip_serializing_if = "Option::is_none")]
  | 
  = note: ts-rs failed to parse this attribute. It will be ignored.
warning: failed to parse serde attribute
  | 
  | #[serde(skip_serializing_if = "Option::is_none")]
  | 
  = note: ts-rs failed to parse this attribute. It will be ignored.
warning: failed to parse serde attribute
  | 
  | #[serde(skip_serializing_if = "Option::is_none")]
  | 
  = note: ts-rs failed to parse this attribute. It will be ignored.
warning: failed to parse serde attribute
  | 
  | #[serde(skip_serializing_if = "Option::is_none")]
  | 
  = note: ts-rs failed to parse this attribute. It will be ignored.
   Compiling server v0.0.0 (E:\allwork\download\agent\understand-book-reading-share\crates\server)
    Finished `test` profile [unoptimized + debuginfo] target(s) in 39.42s
     Running unittests src\lib.rs (target\debug\deps\server-e6140f0c20c22aad.exe)

running 2 tests
test tests::mu5_tests::rs5_resumption_without_questions_and_after_chat_deletion_keeps_position ... FAILED
test tests::mu5_tests::rs5_resumption_reads_committed_scene_without_warming_or_writing_it ... ok

failures:

---- tests::mu5_tests::rs5_resumption_without_questions_and_after_chat_deletion_keeps_position stdout ----
Service SQLite 3.53.2: WAL, synchronous=FULL, foreign_keys=ON, busy_timeout=5000ms, schema=9
Service SQLite 3.53.2: WAL, synchronous=FULL, foreign_keys=ON, busy_timeout=5000ms, schema=9
Service SQLite 3.53.2: WAL, synchronous=FULL, foreign_keys=ON, busy_timeout=5000ms, schema=9
Service SQLite 3.53.2: WAL, synchronous=FULL, foreign_keys=ON, busy_timeout=5000ms, schema=9
Service SQLite 3.53.2: WAL, synchronous=FULL, foreign_keys=ON, busy_timeout=5000ms, schema=9
Service SQLite 3.53.2: WAL, synchronous=FULL, foreign_keys=ON, busy_timeout=5000ms, schema=9
Service SQLite 3.53.2: WAL, synchronous=FULL, foreign_keys=ON, busy_timeout=5000ms, schema=9
Service SQLite 3.53.2: WAL, synchronous=FULL, foreign_keys=ON, busy_timeout=5000ms, schema=9
Service SQLite 3.53.2: WAL, synchronous=FULL, foreign_keys=ON, busy_timeout=5000ms, schema=9
Service SQLite 3.53.2: WAL, synchronous=FULL, foreign_keys=ON, busy_timeout=5000ms, schema=9
Service SQLite 3.53.2: WAL, synchronous=FULL, foreign_keys=ON, busy_timeout=5000ms, schema=9
Service SQLite 3.53.2: WAL, synchronous=FULL, foreign_keys=ON, busy_timeout=5000ms, schema=9
Service SQLite 3.53.2: WAL, synchronous=FULL, foreign_keys=ON, busy_timeout=5000ms, schema=9

thread 'tests::mu5_tests::rs5_resumption_without_questions_and_after_chat_deletion_keeps_position' (27440) panicked at crates\server\src\tests\mu5_tests.rs:636:80:
called `Result::unwrap()` on an `Err` value: ToolError { error_code: "INTERNAL_ERROR", category: "internal", message: "agent turn turn-01a124e6-4296-7d01-8607-54984f058e98 has inconsistent assistant state" }
note: run with `RUST_BACKTRACE=1` environment variable to display a backtrace


failures:
    tests::mu5_tests::rs5_resumption_without_questions_and_after_chat_deletion_keeps_position

test result: FAILED. 1 passed; 1 failed; 0 ignored; 0 measured; 679 filtered out; finished in 3.96s

error: test failed, to rerun pass `-p server --lib`
