[WebServer] (node:31468) Warning: The 'NO_COLOR' env is ignored due to the 'FORCE_COLOR' env being set.
[WebServer] (Use `node --trace-warnings ...` to show where the warning was created)
[WebServer] (node:28596) Warning: The 'NO_COLOR' env is ignored due to the 'FORCE_COLOR' env being set.
[WebServer] (Use `node --trace-warnings ...` to show where the warning was created)

Running 13 tests using 1 worker

(node:38956) Warning: The 'NO_COLOR' env is ignored due to the 'FORCE_COLOR' env being set.
(Use `node --trace-warnings ...` to show where the warning was created)
  ok  1 playwright\presentation-bridge.spec.ts:4:37 › async restoration waits before observation and capture (874ms)
  ok  2 playwright\presentation-bridge.spec.ts:4:37 › async restoration fails without saving defaults (362ms)
  ok  3 playwright\presentation-bridge.spec.ts:34:1 › a delayed observation keeps the accepted result and focused slider visible (628ms)
  x   4 playwright\presentation-bridge.spec.ts:91:1 › a pending subtree replacement shows only the last accepted public text (5.5s)
(node:44436) Warning: The 'NO_COLOR' env is ignored due to the 'FORCE_COLOR' env being set.
(Use `node --trace-warnings ...` to show where the warning was created)
  ok  5 playwright\presentation-bridge.spec.ts:124:1 › semantic observation preserves the focused control for repeated keyboard input (404ms)
  ok  6 playwright\presentation-bridge.spec.ts:150:1 › restore runs after page DOMContentLoaded initialization without saving again (285ms)
  ok  7 playwright\presentation-bridge.spec.ts:182:1 › snapshot reads visible results, custom step and live controls in one browser task (215ms)
  ok  8 playwright\presentation-bridge.spec.ts:215:1 › editing focus reports only a boolean bound to the host content generation (440ms)
  ok  9 playwright\reading-share-diagram.spec.ts:57:1 › RS7 current SVG Canvas DOM and formula freeze together; landscape/portrait PNG and live scene continuity (6.8s)
  ok 10 playwright\reading-share-diagram.spec.ts:98:1 › RS7 retained scene uses note read/observe/source after deletion and leaves current count untouched (924ms)
  ok 11 playwright\reading-share-diagram.spec.ts:114:44 › RS7 retained partial fails visibly without exporting initial state (630ms)
  ok 12 playwright\reading-share-diagram.spec.ts:114:44 › RS7 retained mismatch fails visibly without exporting initial state (699ms)
  ok 13 playwright\reading-share-diagram.spec.ts:122:1 › RS7 missing resources and media report concrete failures, then retry succeeds with unavailable source label (1.1s)


  1) playwright\presentation-bridge.spec.ts:91:1 › a pending subtree replacement shows only the last accepted public text 

    Error: expect(received).toBe(expected) // Object.is equality

    Expected: 2
    Received: 1

    Call Log:
    - Timeout 5000ms exceeded while waiting on the predicate

      115 |   await expect(frame.locator("#region p")).toHaveText("Accepted explanation");
      116 |   await frame.locator("#replace").click();
    > 117 |   await expect.poll(() => page.evaluate(() => (window as any).observations.length)).toBe(2);
          |                                                                                     ^
      118 |   await expect(frame.locator("#region")).toHaveCSS("opacity", "0");
      119 |   await expect(frame.locator("#region")).toHaveAttribute("aria-hidden", "true");
      120 |   await expect(frame.locator("[data-presentation-mask]")).toHaveAttribute("data-accepted-text", "Accepted explanation");
        at E:\allwork\download\agent\understand-book-reading-share\packages\web\playwright\presentation-bridge.spec.ts:117:85

    Error Context: test-results\presentation-bridge-a-pend-b4f30-e-last-accepted-public-text\error-context.md

  1 failed
    playwright\presentation-bridge.spec.ts:91:1 › a pending subtree replacement shows only the last accepted public text 
  12 passed (33.6s)
undefined
E:\allwork\download\agent\understand-book-reading-share\packages\web:
 ERR_PNPM_RECURSIVE_EXEC_FIRST_FAIL  Command failed with exit code 1: playwright test playwright/reading-share-diagram.spec.ts playwright/presentation-bridge.spec.ts --workers=1
