warning: failed to parse serde attribute
  | 
  | #[serde(default, skip_serializing_if = "Option::is_none")]
  | 
  = note: ts-rs failed to parse this attribute. It will be ignored.
warning: failed to parse serde attribute
  | 
  | #[serde(skip_serializing_if = "Option::is_none")]
  | 
  = note: ts-rs failed to parse this attribute. It will be ignored.
warning: failed to parse serde attribute
  | 
  | #[serde(default, skip_serializing_if = "Option::is_none")]
  | 
  = note: ts-rs failed to parse this attribute. It will be ignored.
warning: failed to parse serde attribute
  | 
  | #[serde(default, skip_serializing_if = "Option::is_none")]
  | 
  = note: ts-rs failed to parse this attribute. It will be ignored.
warning: failed to parse serde attribute
  | 
  | #[serde(default, skip_serializing_if = "Option::is_none")]
  | 
  = note: ts-rs failed to parse this attribute. It will be ignored.
warning: failed to parse serde attribute
  | 
  | #[serde(skip_serializing_if = "Option::is_none")]
  | 
  = note: ts-rs failed to parse this attribute. It will be ignored.
warning: failed to parse serde attribute
  | 
  | #[serde(default, skip_serializing_if = "Option::is_none")]
  | 
  = note: ts-rs failed to parse this attribute. It will be ignored.
warning: failed to parse serde attribute
  | 
  | #[serde(default, skip_serializing_if = "Option::is_none")]
  | 
  = note: ts-rs failed to parse this attribute. It will be ignored.
warning: failed to parse serde attribute
  | 
  | #[serde(deserialize_with = "deserialize_cue_seconds")]
  | 
  = note: ts-rs failed to parse this attribute. It will be ignored.
warning: failed to parse serde attribute
  | 
  | #[serde(deny_unknown_fields)]
  | 
  = note: ts-rs failed to parse this attribute. It will be ignored.
warning: failed to parse serde attribute
  | 
  | #[serde(default, skip_serializing_if = "Option::is_none")]
  | 
  = note: ts-rs failed to parse this attribute. It will be ignored.
warning: failed to parse serde attribute
  | 
  | #[serde(default, skip_serializing_if = "Option::is_none")]
  | 
  = note: ts-rs failed to parse this attribute. It will be ignored.
warning: failed to parse serde attribute
  | 
  | #[serde(skip_serializing_if = "Option::is_none")]
  | 
  = note: ts-rs failed to parse this attribute. It will be ignored.
warning: failed to parse serde attribute
  | 
  | #[serde(skip_serializing_if = "Option::is_none")]
  | 
  = note: ts-rs failed to parse this attribute. It will be ignored.
warning: failed to parse serde attribute
  | 
  | #[serde(skip_serializing_if = "Option::is_none")]
  | 
  = note: ts-rs failed to parse this attribute. It will be ignored.
   Compiling server v0.0.0 (E:\allwork\download\agent\understand-book-reading-share\crates\server)
    Finished `test` profile [unoptimized + debuginfo] target(s) in 1m 19s
     Running unittests src\lib.rs (target\debug\deps\server-e6140f0c20c22aad.exe)

running 6 tests
test tests::agent_source_live_binding_withdrawal_and_durable_handoff ... ok
test tests::agent_source_history_persists_binding_but_public_view_is_opaque ... ok
test tests::agent_source_rs6_bound_material_title_and_cross_material_fallback ... ok
test tests::legacy_agent_source_projection_is_markdown_aware_restartable_and_read_only ... ok
test tests::agent_source_resolve_open_stale_and_wrong_owner_fail_closed ... ok
test tests::legacy_agent_source_is_scoped_to_current_book_and_live_history ... ok

test result: ok. 6 passed; 0 failed; 0 ignored; 0 measured; 676 filtered out; finished in 0.20s

