
> @understand-book/web@0.0.0 build E:\allwork\download\agent\understand-book-reading-share\packages\web
> vue-tsc --noEmit && vite build

vite v6.4.3 building for production...
transforming...
✓ 2029 modules transformed.
rendering chunks...
[plugin vite:reporter] 
(!) E:/allwork/download/agent/understand-book-reading-share/node_modules/pdfjs-dist/legacy/build/pdf.mjs is dynamically imported by E:/allwork/download/agent/understand-book-reading-share/packages/web/src/pdf-cover.ts but also statically imported by E:/allwork/download/agent/understand-book-reading-share/packages/web/src/components/PdfReaderPane.vue?vue&type=script&setup=true&lang.ts, E:/allwork/download/agent/understand-book-reading-share/packages/web/src/components/SourceReviewPdfPage.vue?vue&type=script&setup=true&lang.ts, E:/allwork/download/agent/understand-book-reading-share/packages/web/src/pdf-range-source.ts, dynamic import will not move module into another chunk.

[plugin vite:reporter] 
(!) E:/allwork/download/agent/understand-book-reading-share/node_modules/pdfjs-dist/legacy/build/pdf.worker.mjs?url is dynamically imported by E:/allwork/download/agent/understand-book-reading-share/packages/web/src/pdf-cover.ts but also statically imported by E:/allwork/download/agent/understand-book-reading-share/packages/web/src/components/PdfReaderPane.vue?vue&type=script&setup=true&lang.ts, E:/allwork/download/agent/understand-book-reading-share/packages/web/src/components/SourceReviewPdfPage.vue?vue&type=script&setup=true&lang.ts, dynamic import will not move module into another chunk.

[plugin vite:reporter] 
(!) E:/allwork/download/agent/understand-book-reading-share/packages/web/src/pdf-range-source.ts is dynamically imported by E:/allwork/download/agent/understand-book-reading-share/packages/web/src/pdf-cover.ts but also statically imported by E:/allwork/download/agent/understand-book-reading-share/packages/web/src/components/PdfReaderPane.vue?vue&type=script&setup=true&lang.ts, dynamic import will not move module into another chunk.

computing gzip size...
dist/index.html                                                      4.34 kB │ gzip:   1.27 kB
dist/assets/noto-serif-sc-98-wght-normal-Cb4Ymdjf.woff2              4.38 kB
dist/assets/KaTeX_Size3-Regular-CTq5MqoE.woff                        4.42 kB
dist/assets/noto-serif-sc-4-wght-normal-POi_Urbq.woff2               4.64 kB
dist/assets/KaTeX_Size4-Regular-Dl5lxZxV.woff2                       4.93 kB
dist/assets/KaTeX_Size2-Regular-Dy4dx90m.woff2                       5.21 kB
dist/assets/KaTeX_Size1-Regular-mCD8mA8B.woff2                       5.47 kB
dist/assets/KaTeX_Size4-Regular-BF-4gkZK.woff                        5.98 kB
dist/assets/KaTeX_Size2-Regular-oD1tc_U0.woff                        6.19 kB
dist/assets/KaTeX_Size1-Regular-C195tn64.woff                        6.50 kB
dist/assets/noto-serif-sc-88-wght-normal-4sUXZiL0.woff2              6.89 kB
dist/assets/KaTeX_Caligraphic-Regular-Di6jR-x-.woff2                 6.91 kB
dist/assets/KaTeX_Caligraphic-Bold-Dq_IR9rO.woff2                    6.91 kB
dist/assets/noto-sans-sc-88-wght-normal-ClNDOCGW.woff2               7.34 kB
dist/assets/noto-serif-sc-87-wght-normal-DYrIOgtA.woff2              7.40 kB
dist/assets/KaTeX_Size3-Regular-DgpXs0kz.ttf                         7.59 kB
dist/assets/KaTeX_Caligraphic-Regular-CTRA-rTL.woff                  7.66 kB
dist/assets/KaTeX_Caligraphic-Bold-BEiXGLvX.woff                     7.72 kB
dist/assets/noto-sans-sc-87-wght-normal-DYfJ-vGE.woff2               8.01 kB
dist/assets/noto-sans-sc-latin-ext-wght-normal-CqPqLCfe.woff2        8.24 kB
dist/assets/noto-sans-sc-91-wght-normal-CGekvDdH.woff2               8.70 kB
dist/assets/noto-sans-sc-vietnamese-wght-normal-y5SU35Rl.woff2       9.10 kB
dist/assets/noto-sans-sc-90-wght-normal-BWcrRNoG.woff2               9.34 kB
dist/assets/KaTeX_Script-Regular-D3wIWfF6.woff2                      9.64 kB
dist/assets/noto-sans-sc-99-wght-normal-Q_IptJM5.woff2               9.70 kB
dist/assets/noto-serif-sc-90-wght-normal-CAN9aOBC.woff2              9.74 kB
dist/assets/noto-sans-sc-cyrillic-wght-normal-CRA5_Pf1.woff2        10.01 kB
dist/assets/noto-serif-sc-latin-ext-wght-normal-B_BpesqA.woff2      10.33 kB
dist/assets/KaTeX_SansSerif-Regular-DDBCnlJ7.woff2                  10.34 kB
dist/assets/KaTeX_Size4-Regular-DWFBv043.ttf                        10.36 kB
dist/assets/noto-serif-sc-91-wght-normal-Cs76p7wD.woff2             10.57 kB
dist/assets/KaTeX_Script-Regular-D5yQViql.woff                      10.59 kB
dist/assets/noto-serif-sc-vietnamese-wght-normal-BDuesHz7.woff2     10.92 kB
dist/assets/noto-sans-sc-89-wght-normal-IQU_KQA8.woff2              10.98 kB
dist/assets/KaTeX_Fraktur-Regular-CTYiF6lA.woff2                    11.32 kB
dist/assets/KaTeX_Fraktur-Bold-CL6g_b3V.woff2                       11.35 kB
dist/assets/noto-sans-sc-21-wght-normal-DIu_1ZBI.woff2              11.36 kB
dist/assets/noto-sans-sc-6-wght-normal-ozUCEY9O.woff2               11.46 kB
dist/assets/KaTeX_Size2-Regular-B7gKUWhC.ttf                        11.51 kB
dist/assets/KaTeX_SansSerif-Italic-C3H0VqGB.woff2                   12.03 kB
dist/assets/KaTeX_SansSerif-Bold-D1sUS0GD.woff2                     12.22 kB
dist/assets/KaTeX_Size1-Regular-Dbsnue_I.ttf                        12.23 kB
dist/assets/noto-serif-sc-89-wght-normal-BHbmppex.woff2             12.28 kB
dist/assets/KaTeX_SansSerif-Regular-CS6fqUqJ.woff                   12.32 kB
dist/assets/noto-serif-sc-99-wght-normal-Dxrjm0os.woff2             12.32 kB
dist/assets/KaTeX_Caligraphic-Regular-wX97UBjC.ttf                  12.34 kB
dist/assets/KaTeX_Caligraphic-Bold-ATXxdsX0.ttf                     12.37 kB
dist/assets/KaTeX_Fraktur-Regular-Dxdc4cR9.woff                     13.21 kB
dist/assets/KaTeX_Fraktur-Bold-BsDP51OF.woff                        13.30 kB
dist/assets/KaTeX_Typewriter-Regular-CO6r4hn1.woff2                 13.57 kB
dist/assets/KaTeX_SansSerif-Italic-DN2j7dab.woff                    14.11 kB
dist/assets/KaTeX_SansSerif-Bold-DbIhKOiC.woff                      14.41 kB
dist/assets/noto-serif-sc-cyrillic-wght-normal-CEncxE_U.woff2       14.48 kB
dist/assets/noto-serif-sc-6-wght-normal-zG9mG1jB.woff2              15.67 kB
dist/assets/KaTeX_Typewriter-Regular-C0xS9mPB.woff                  16.03 kB
dist/assets/KaTeX_Math-BoldItalic-CZnvNsCZ.woff2                    16.40 kB
dist/assets/KaTeX_Math-Italic-t53AETM-.woff2                        16.44 kB
dist/assets/KaTeX_Script-Regular-C5JkGWo-.ttf                       16.65 kB
dist/assets/KaTeX_Main-BoldItalic-DxDJ3AOS.woff2                    16.78 kB
dist/assets/KaTeX_Main-Italic-NWA7e6Wa.woff2                        16.99 kB
dist/assets/KaTeX_Math-BoldItalic-iY-2wyZ7.woff                     18.67 kB
dist/assets/KaTeX_Math-Italic-DA0__PXp.woff                         18.75 kB
dist/assets/KaTeX_Main-BoldItalic-SpSLRI95.woff                     19.41 kB
dist/assets/KaTeX_SansSerif-Regular-BNo7hRIc.ttf                    19.44 kB
dist/assets/KaTeX_Fraktur-Regular-CB_wures.ttf                      19.57 kB
dist/assets/KaTeX_Fraktur-Bold-BdnERNNW.ttf                         19.58 kB
dist/assets/KaTeX_Main-Italic-BMLOBm91.woff                         19.68 kB
dist/assets/noto-sans-sc-5-wght-normal-DI846rD9.woff2               20.18 kB
dist/assets/KaTeX_SansSerif-Italic-YYjJ1zSn.ttf                     22.36 kB
dist/assets/KaTeX_SansSerif-Bold-CFMepnvq.ttf                       24.50 kB
dist/assets/noto-sans-sc-latin-wght-normal-DYAKOyvl.woff2           25.24 kB
dist/assets/KaTeX_Main-Bold-Cx986IdX.woff2                          25.32 kB
dist/assets/noto-serif-sc-21-wght-normal-BWgIT3u9.woff2             26.04 kB
dist/assets/KaTeX_Main-Regular-B22Nviop.woff2                       26.27 kB
dist/assets/noto-serif-sc-5-wght-normal-KEByyGxm.woff2              26.84 kB
dist/assets/noto-sans-sc-85-wght-normal-DBcDBu1n.woff2              26.90 kB
dist/assets/KaTeX_Typewriter-Regular-D3Ib7_Hf.ttf                   27.56 kB
dist/assets/KaTeX_AMS-Regular-BQhdFMY1.woff2                        28.08 kB
dist/assets/KaTeX_Main-Bold-Jm3AIy58.woff                           29.91 kB
dist/assets/KaTeX_Main-Regular-Dr94JaBh.woff                        30.77 kB
dist/assets/KaTeX_Math-BoldItalic-B3XSjfu4.ttf                      31.20 kB
dist/assets/KaTeX_Math-Italic-flOr_0UB.ttf                          31.31 kB
dist/assets/noto-sans-sc-84-wght-normal-C7NxT478.woff2              32.61 kB
dist/assets/noto-sans-sc-80-wght-normal-BEFypWOO.woff2              32.63 kB
dist/assets/KaTeX_Main-BoldItalic-DzxPMmG6.ttf                      32.97 kB
dist/assets/noto-serif-sc-latin-wght-normal-C94SydbU.woff2          32.97 kB
dist/assets/KaTeX_AMS-Regular-DMm9YOAa.woff                         33.52 kB
dist/assets/noto-sans-sc-86-wght-normal-CLJIoPpl.woff2              33.58 kB
dist/assets/KaTeX_Main-Italic-3WenGoN9.ttf                          33.58 kB
dist/assets/noto-sans-sc-41-wght-normal-CZqajZnl.woff2              36.42 kB
dist/assets/noto-sans-sc-77-wght-normal-Dkbi3pye.woff2              36.79 kB
dist/assets/noto-sans-sc-73-wght-normal-DwSJRYPJ.woff2              39.31 kB
dist/assets/noto-serif-sc-85-wght-normal-zDA9V0-4.woff2             40.44 kB
dist/assets/noto-sans-sc-79-wght-normal-DoJG4UTB.woff2              41.23 kB
dist/assets/noto-sans-sc-60-wght-normal-C1lngC61.woff2              41.43 kB
dist/assets/noto-sans-sc-64-wght-normal-CbIuD2Eg.woff2              41.54 kB
dist/assets/noto-sans-sc-68-wght-normal-c0FjfUaj.woff2              41.57 kB
dist/assets/noto-sans-sc-65-wght-normal-BGqvKda2.woff2              41.61 kB
dist/assets/noto-sans-sc-51-wght-normal-C2bq6hC8.woff2              41.62 kB
dist/assets/noto-sans-sc-36-wght-normal-CtU9CyKw.woff2              41.83 kB
dist/assets/noto-sans-sc-70-wght-normal-ColEcmtJ.woff2              42.24 kB
dist/assets/noto-serif-sc-84-wght-normal-BqNanTR7.woff2             42.66 kB
dist/assets/noto-sans-sc-83-wght-normal-C9UjAcMM.woff2              43.50 kB
dist/assets/noto-sans-sc-53-wght-normal-Bgkuo2tF.woff2              43.53 kB
dist/assets/noto-sans-sc-75-wght-normal-B0qL41rF.woff2              43.94 kB
dist/assets/noto-serif-sc-80-wght-normal-7mf1Dpmj.woff2             45.18 kB
dist/assets/noto-sans-sc-61-wght-normal-BxWkGF5M.woff2              45.28 kB
dist/assets/noto-sans-sc-42-wght-normal-CQ4lY28u.woff2              45.54 kB
dist/assets/noto-sans-sc-50-wght-normal-C5KfAmFp.woff2              45.88 kB
dist/assets/noto-sans-sc-82-wght-normal-DcxfR5OJ.woff2              46.18 kB
dist/assets/noto-sans-sc-118-wght-normal-BPEb0gM9.woff2             46.19 kB
dist/assets/noto-sans-sc-43-wght-normal-psppu0d8.woff2              46.62 kB
dist/assets/noto-sans-sc-40-wght-normal-BVn4-kgX.woff2              46.63 kB
dist/assets/noto-sans-sc-34-wght-normal-BF1rqDSt.woff2              46.89 kB
dist/assets/noto-sans-sc-72-wght-normal-D1VyfEG3.woff2              47.03 kB
dist/assets/noto-sans-sc-31-wght-normal-DW0t445S.woff2              47.22 kB
dist/assets/noto-serif-sc-86-wght-normal-BEBRIryH.woff2             47.34 kB
dist/assets/noto-sans-sc-33-wght-normal-BOTZYTjM.woff2              47.45 kB
dist/assets/noto-sans-sc-27-wght-normal-BP2pEGQH.woff2              47.49 kB
dist/assets/noto-sans-sc-81-wght-normal-ed_TZlfo.woff2              47.55 kB
dist/assets/noto-sans-sc-59-wght-normal-Azv2Ku9_.woff2              47.68 kB
dist/assets/noto-sans-sc-71-wght-normal-ChZfXpdg.woff2              47.90 kB
dist/assets/noto-sans-sc-55-wght-normal-BV_Oy6IF.woff2              48.13 kB
dist/assets/noto-sans-sc-76-wght-normal-BPLMO_2x.woff2              48.42 kB
dist/assets/noto-sans-sc-78-wght-normal-BFUXeSw6.woff2              49.16 kB
dist/assets/noto-sans-sc-63-wght-normal-4La5uKvS.woff2              49.18 kB
dist/assets/noto-sans-sc-28-wght-normal-BWPKDbtH.woff2              50.20 kB
dist/assets/noto-sans-sc-35-wght-normal-Bosspiyr.woff2              50.69 kB
dist/assets/noto-sans-sc-48-wght-normal-DFMjDDY6.woff2              50.76 kB
dist/assets/noto-sans-sc-26-wght-normal-YNOygvr_.woff2              50.89 kB
dist/assets/noto-serif-sc-64-wght-normal-CjrUC92N.woff2             51.01 kB
dist/assets/KaTeX_Main-Bold-waoOVXN0.ttf                            51.34 kB
dist/assets/noto-serif-sc-41-wght-normal-CVBLXKlt.woff2             51.52 kB
dist/assets/noto-serif-sc-77-wght-normal-Ba02t4uH.woff2             51.78 kB
dist/assets/noto-sans-sc-39-wght-normal-Ddtm1XVC.woff2              51.78 kB
dist/assets/noto-sans-sc-52-wght-normal-P18e_Y0j.woff2              51.84 kB
dist/assets/noto-sans-sc-54-wght-normal-DL5lmlUd.woff2              52.00 kB
dist/assets/noto-sans-sc-117-wght-normal-Dsz3vkzU.woff2             52.46 kB
dist/assets/noto-sans-sc-32-wght-normal-ShbWPcei.woff2              52.55 kB
dist/assets/noto-sans-sc-67-wght-normal-CC-WRBV-.woff2              52.58 kB
dist/assets/noto-sans-sc-49-wght-normal-B7l_3BZr.woff2              52.84 kB
dist/assets/noto-sans-sc-66-wght-normal-BvNozWOY.woff2              52.87 kB
dist/assets/noto-sans-sc-116-wght-normal-vdFVzbO2.woff2             52.98 kB
dist/assets/noto-serif-sc-70-wght-normal-C1ivJfo6.woff2             53.06 kB
dist/assets/noto-sans-sc-56-wght-normal-B4L7Hj8f.woff2              53.50 kB
dist/assets/noto-sans-sc-37-wght-normal-ghDiyiuv.woff2              53.53 kB
dist/assets/KaTeX_Main-Regular-ypZvNtVU.ttf                         53.58 kB
dist/assets/noto-serif-sc-53-wght-normal-CVEOz2md.woff2             53.86 kB
dist/assets/noto-sans-sc-29-wght-normal-45aVmHn_.woff2              54.01 kB
dist/assets/noto-serif-sc-68-wght-normal-DgVKmqhJ.woff2             54.20 kB
dist/assets/noto-sans-sc-44-wght-normal-cbKJlTUe.woff2              54.24 kB
dist/assets/noto-sans-sc-38-wght-normal-4Nz8k_dt.woff2              54.59 kB
dist/assets/noto-sans-sc-30-wght-normal-B8_s30jZ.woff2              54.66 kB
dist/assets/noto-sans-sc-57-wght-normal-DU8YBsDj.woff2              55.50 kB
dist/assets/noto-sans-sc-69-wght-normal-D596Jjl2.woff2              55.60 kB
dist/assets/noto-serif-sc-73-wght-normal-CVaZwasb.woff2             56.04 kB
dist/assets/noto-sans-sc-47-wght-normal-C5Kgg1_m.woff2              56.16 kB
dist/assets/noto-sans-sc-74-wght-normal-Cte7o1QG.woff2              56.42 kB
dist/assets/noto-sans-sc-115-wght-normal-BN__2iBG.woff2             56.51 kB
dist/assets/noto-sans-sc-23-wght-normal-4HrHKhpL.woff2              56.79 kB
dist/assets/noto-serif-sc-51-wght-normal-D9iT-1TR.woff2             57.32 kB
dist/assets/noto-sans-sc-58-wght-normal-CE0BKS9u.woff2              57.65 kB
dist/assets/noto-sans-sc-112-wght-normal-CiZxJMyY.woff2             57.65 kB
dist/assets/noto-sans-sc-46-wght-normal-CErGc6Mt.woff2              57.67 kB
dist/assets/noto-serif-sc-75-wght-normal-93ee-1qL.woff2             57.82 kB
dist/assets/noto-serif-sc-36-wght-normal-mA1onJjc.woff2             57.85 kB
dist/assets/noto-sans-sc-114-wght-normal-CRH9SDZu.woff2             57.96 kB
dist/assets/noto-serif-sc-118-wght-normal-DgpSdJgq.woff2            58.15 kB
dist/assets/noto-sans-sc-101-wght-normal-c94LAl5p.woff2             58.20 kB
dist/assets/noto-sans-sc-25-wght-normal-C3Jm6l7O.woff2              58.32 kB
dist/assets/noto-serif-sc-43-wght-normal-C2AfGZIw.woff2             58.35 kB
dist/assets/noto-serif-sc-65-wght-normal-BQWoNL84.woff2             58.57 kB
dist/assets/noto-sans-sc-113-wght-normal-OgQXOX6x.woff2             58.65 kB
dist/assets/noto-serif-sc-79-wght-normal-3DZZprJd.woff2             58.80 kB
dist/assets/noto-serif-sc-83-wght-normal-DxCiS-H8.woff2             58.81 kB
dist/assets/noto-sans-sc-62-wght-normal-CXXMAq-5.woff2              59.11 kB
dist/assets/noto-sans-sc-109-wght-normal-CnjNbNmw.woff2             60.37 kB
dist/assets/noto-serif-sc-81-wght-normal-C7zVck8N.woff2             60.58 kB
dist/assets/noto-sans-sc-102-wght-normal-C1RtbCZr.woff2             60.71 kB
dist/assets/noto-sans-sc-107-wght-normal-kFQzJDLH.woff2             61.08 kB
dist/assets/noto-serif-sc-61-wght-normal-DsFqK1wo.woff2             61.31 kB
dist/assets/noto-serif-sc-60-wght-normal-DAKYpn8o.woff2             61.38 kB
dist/assets/noto-sans-sc-110-wght-normal-D2JBr045.woff2             61.47 kB
dist/assets/noto-serif-sc-55-wght-normal-CHCeRIrg.woff2             61.53 kB
dist/assets/noto-sans-sc-104-wght-normal-CJT2ioDJ.woff2             61.59 kB
dist/assets/noto-sans-sc-105-wght-normal-BFoiJwz2.woff2             61.83 kB
dist/assets/noto-serif-sc-82-wght-normal-BCQNdhXI.woff2             62.13 kB
dist/assets/noto-sans-sc-24-wght-normal-B58DWgHS.woff2              62.58 kB
dist/assets/noto-sans-sc-106-wght-normal-D6uUHw3w.woff2             62.64 kB
dist/assets/noto-sans-sc-111-wght-normal-ClFr5QXM.woff2             62.66 kB
dist/assets/noto-serif-sc-42-wght-normal-BuqGeHAE.woff2             62.74 kB
dist/assets/noto-serif-sc-71-wght-normal-CvXxbzcf.woff2             62.88 kB
dist/assets/KaTeX_AMS-Regular-DRggAlZN.ttf                          63.63 kB
dist/assets/noto-serif-sc-35-wght-normal-DvRk4hqy.woff2             63.76 kB
dist/assets/noto-sans-sc-103-wght-normal-DGHo20nu.woff2             63.86 kB
dist/assets/noto-serif-sc-63-wght-normal-CMtD-Kgv.woff2             63.94 kB
dist/assets/noto-serif-sc-31-wght-normal-6gH0-Plj.woff2             64.26 kB
dist/assets/noto-serif-sc-50-wght-normal-zkdyL1V0.woff2             64.52 kB
dist/assets/noto-sans-sc-100-wght-normal-DrqXJETY.woff2             64.55 kB
dist/assets/noto-sans-sc-108-wght-normal-7aXvqIa2.woff2             64.55 kB
dist/assets/noto-serif-sc-48-wght-normal-DdYwMBaW.woff2             64.61 kB
dist/assets/noto-serif-sc-27-wght-normal-B9lzzaTa.woff2             64.66 kB
dist/assets/noto-serif-sc-34-wght-normal-DnkERd2u.woff2             64.72 kB
dist/assets/noto-sans-sc-22-wght-normal-VXjdYcT-.woff2              65.38 kB
dist/assets/noto-serif-sc-72-wght-normal-cGdTpPsV.woff2             65.72 kB
dist/assets/noto-serif-sc-76-wght-normal-BLbVMqvY.woff2             65.74 kB
dist/assets/noto-serif-sc-33-wght-normal-imYNTNMM.woff2             66.09 kB
dist/assets/noto-serif-sc-40-wght-normal-BjlpL5UW.woff2             66.14 kB
dist/assets/noto-serif-sc-117-wght-normal-XTbr9ZZT.woff2            66.58 kB
dist/assets/noto-serif-sc-116-wght-normal-dLgproop.woff2            67.28 kB
dist/assets/noto-sans-sc-45-wght-normal-MKIEVRIC.woff2              67.62 kB
dist/assets/noto-serif-sc-37-wght-normal-LC1yyc7m.woff2             67.83 kB
dist/assets/noto-serif-sc-52-wght-normal-BLDAvkY6.woff2             67.83 kB
dist/assets/noto-serif-sc-28-wght-normal-DpNoKRQu.woff2             67.94 kB
dist/assets/noto-serif-sc-32-wght-normal-BWmx-AcC.woff2             68.00 kB
dist/assets/noto-serif-sc-66-wght-normal-C5lNsScf.woff2             69.20 kB
dist/assets/noto-serif-sc-54-wght-normal-DPWdAwq4.woff2             69.32 kB
dist/assets/noto-serif-sc-59-wght-normal-DuU0uqw2.woff2             69.52 kB
dist/assets/noto-serif-sc-56-wght-normal-eKWz93j7.woff2             69.66 kB
dist/assets/noto-serif-sc-49-wght-normal-Cke2kJyu.woff2             70.32 kB
dist/assets/noto-serif-sc-78-wght-normal-8sP0MgyD.woff2             71.05 kB
dist/assets/noto-serif-sc-26-wght-normal-CUJJnivC.woff2             71.36 kB
dist/assets/noto-serif-sc-67-wght-normal-YN-qC7HW.woff2             71.68 kB
dist/assets/noto-serif-sc-39-wght-normal-C_Pfsj-f.woff2             72.29 kB
dist/assets/noto-serif-sc-44-wght-normal-Ce6e62F2.woff2             72.50 kB
dist/assets/noto-serif-sc-115-wght-normal-CLw93OJ2.woff2            72.54 kB
dist/assets/noto-serif-sc-29-wght-normal-GaECcatV.woff2             72.78 kB
dist/assets/noto-serif-sc-69-wght-normal-CYLESW-L.woff2             73.59 kB
dist/assets/noto-serif-sc-23-wght-normal-PFb7vc5T.woff2             73.87 kB
dist/assets/noto-serif-sc-47-wght-normal-C0d1RTo9.woff2             74.00 kB
dist/assets/noto-serif-sc-57-wght-normal-Cor1Tvn4.woff2             74.03 kB
dist/assets/noto-serif-sc-74-wght-normal-BbF3qCor.woff2             74.58 kB
dist/assets/noto-serif-sc-114-wght-normal-rN6TP-iN.woff2            74.74 kB
dist/assets/noto-serif-sc-38-wght-normal-Da_NFf6-.woff2             75.30 kB
dist/assets/noto-serif-sc-113-wght-normal-DyuoesZ9.woff2            75.87 kB
dist/assets/noto-serif-sc-112-wght-normal-MAZT2qqq.woff2            76.00 kB
dist/assets/noto-sans-sc-119-wght-normal-BfzSEbFz.woff2             76.80 kB
dist/assets/noto-serif-sc-30-wght-normal-BthB64Y2.woff2             76.91 kB
dist/assets/noto-serif-sc-46-wght-normal-zC517Lyl.woff2             77.58 kB
dist/assets/noto-serif-sc-101-wght-normal-D1afnVTV.woff2            77.71 kB
dist/assets/noto-serif-sc-25-wght-normal-CO_UFAdV.woff2             77.94 kB
dist/assets/noto-serif-sc-109-wght-normal-DomK5QIN.woff2            79.00 kB
dist/assets/noto-serif-sc-110-wght-normal-BSy0JP4E.woff2            79.49 kB
dist/assets/noto-serif-sc-62-wght-normal-BetEYZyP.woff2             79.50 kB
dist/assets/noto-serif-sc-102-wght-normal-C336twDL.woff2            79.56 kB
dist/assets/noto-serif-sc-107-wght-normal-D141098S.woff2            79.85 kB
dist/assets/noto-serif-sc-104-wght-normal-BGjsMcQX.woff2            81.00 kB
dist/assets/noto-serif-sc-111-wght-normal-DOsFafg3.woff2            81.14 kB
dist/assets/noto-serif-sc-105-wght-normal-BgSod39R.woff2            81.52 kB
dist/assets/noto-serif-sc-106-wght-normal-CniXU52I.woff2            81.60 kB
dist/assets/noto-serif-sc-58-wght-normal-kpJ7mHnK.woff2             82.55 kB
dist/assets/noto-serif-sc-24-wght-normal-CLtoVuTx.woff2             82.66 kB
dist/assets/noto-serif-sc-108-wght-normal-BmakWj8P.woff2            83.48 kB
dist/assets/noto-serif-sc-103-wght-normal-DUyihgdX.woff2            84.03 kB
dist/assets/noto-serif-sc-100-wght-normal-B_E8_y1S.woff2            84.73 kB
dist/assets/noto-serif-sc-22-wght-normal-n_9gzBdK.woff2             85.29 kB
dist/assets/noto-serif-sc-45-wght-normal-CXgjcdJT.woff2             91.67 kB
dist/assets/noto-serif-sc-119-wght-normal-BO-8DIcz.woff2           103.77 kB
dist/assets/pdf.worker-BASQQs-o.mjs                              2,366.08 kB
dist/assets/index-C-tUpWQt.css                                     417.84 kB │ gzip: 122.46 kB
dist/assets/core-DV6XEvTN.js                                         0.10 kB │ gzip:   0.11 kB
dist/assets/index-CV3aoGcw.js                                        1.45 kB │ gzip:   0.50 kB
dist/assets/index-6zpW15u3.js                                    2,024.09 kB │ gzip: 640.83 kB

(!) Some chunks are larger than 500 kB after minification. Consider:
- Using dynamic import() to code-split the application
- Use build.rollupOptions.output.manualChunks to improve chunking: https://rollupjs.org/configuration-options/#output-manualchunks
- Adjust chunk size limit for this warning via build.chunkSizeWarningLimit.
✓ built in 21.58s
