[WebServer] (node:24396) Warning: The 'NO_COLOR' env is ignored due to the 'FORCE_COLOR' env being set.
[WebServer] (Use `node --trace-warnings ...` to show where the warning was created)
[WebServer] (node:35988) Warning: The 'NO_COLOR' env is ignored due to the 'FORCE_COLOR' env being set.
[WebServer] (Use `node --trace-warnings ...` to show where the warning was created)

Running 1 test using 1 worker

(node:38948) Warning: The 'NO_COLOR' env is ignored due to the 'FORCE_COLOR' env being set.
(Use `node --trace-warnings ...` to show where the warning was created)
  x  1 playwright\session-recap.spec.ts:47:44 › RS4 selects facts and downloads the frozen recap at 1440px (2.0m)


  1) playwright\session-recap.spec.ts:47:44 › RS4 selects facts and downloads the frozen recap at 1440px 

    Test timeout of 120000ms exceeded.

    Error: locator.click: Test timeout of 120000ms exceeded.
    Call log:
      - waiting for getByRole('button', { name: '本次阅读回顾', exact: true })


      72 |   }
      73 |   const before = calls.length;
    > 74 |   await page.getByRole('button', { name: '本次阅读回顾', exact: true }).click();
         |                                                                   ^
      75 |   const recap = page.locator('.session-recap');
      76 |   const shareButton = recap.getByRole('button', { name: '生成阅读回顾卡' });
      77 |   await expect(shareButton).toBeDisabled();
        at E:\allwork\download\agent\understand-book-reading-share\packages\web\playwright\session-recap.spec.ts:74:67

    Error Context: test-results\session-recap-RS4-selects--4fbcf--the-frozen-recap-at-1440px\error-context.md

  1 failed
    playwright\session-recap.spec.ts:47:44 › RS4 selects facts and downloads the frozen recap at 1440px 
undefined
E:\allwork\download\agent\understand-book-reading-share\packages\web:
 ERR_PNPM_RECURSIVE_EXEC_FIRST_FAIL  Command failed with exit code 1: playwright test playwright/session-recap.spec.ts --grep RS4.*1440 --workers=1
