
 RUN  v3.2.6 E:/allwork/download/agent/understand-book-reading-share/packages/web

stderr | src/components/RightRail.test.ts
Warning: KaTeX doesn't work in quirks mode. Make sure your website has a suitable doctype.

stderr | src/components/SessionRecap.test.ts
Warning: KaTeX doesn't work in quirks mode. Make sure your website has a suitable doctype.

stderr | src/components/SessionRecap.test.ts
Warning: KaTeX doesn't work in quirks mode. Make sure your website has a suitable doctype.

stderr | src/components/RightRail.test.ts
Warning: KaTeX doesn't work in quirks mode. Make sure your website has a suitable doctype.

 ✓ src/components/SessionRecap.test.ts (7 tests) 617ms
 ✓ src/components/RightRail.test.ts (43 tests) 2085ms
stderr | src/components/ShareImagePanel.test.ts
Warning: KaTeX doesn't work in quirks mode. Make sure your website has a suitable doctype.

stderr | src/components/ShareImagePanel.test.ts
Warning: KaTeX doesn't work in quirks mode. Make sure your website has a suitable doctype.

 ✓ src/components/ShareImagePanel.test.ts (4 tests) 158ms
stderr | src/session-recap.test.ts
Warning: KaTeX doesn't work in quirks mode. Make sure your website has a suitable doctype.

stderr | src/session-recap.test.ts
Warning: KaTeX doesn't work in quirks mode. Make sure your website has a suitable doctype.

 ✓ src/session-recap.test.ts (1 test) 109ms
stderr | src/reading-share.test.ts
Warning: KaTeX doesn't work in quirks mode. Make sure your website has a suitable doctype.

stderr | src/reading-share.test.ts
Warning: KaTeX doesn't work in quirks mode. Make sure your website has a suitable doctype.

 ✓ src/reading-share.test.ts (5 tests) 62ms
stderr | src/NetworkApp.recap.test.ts
Warning: KaTeX doesn't work in quirks mode. Make sure your website has a suitable doctype.

stderr | src/NetworkApp.recap.test.ts
Warning: KaTeX doesn't work in quirks mode. Make sure your website has a suitable doctype.

 ✓ src/NetworkApp.recap.test.ts (1 test) 58ms

 Test Files  6 passed (6)
      Tests  61 passed (61)
   Start at  16:04:34
   Duration  27.71s (transform 3.01s, setup 0ms, collect 10.38s, tests 3.09s, environment 30.68s, prepare 4.10s)

