
 RUN  v3.2.6 E:/allwork/download/agent/understand-book-reading-share/packages/web

stderr | src/components/RightRail.test.ts
Warning: KaTeX doesn't work in quirks mode. Make sure your website has a suitable doctype.

stderr | src/components/RightRail.test.ts
Warning: KaTeX doesn't work in quirks mode. Make sure your website has a suitable doctype.

stderr | src/components/SessionRecap.test.ts
Warning: KaTeX doesn't work in quirks mode. Make sure your website has a suitable doctype.

stderr | src/components/SessionRecap.test.ts
Warning: KaTeX doesn't work in quirks mode. Make sure your website has a suitable doctype.

 ❯ src/components/SessionRecap.test.ts (5 tests | 1 failed) 270ms
   ✓ JL9 reading recap > freezes the range until explicit refresh and opens exact evidence only on a click 146ms
   ✓ JL9 reading recap > clears an old chat immediately and discards late responses 16ms
   ✓ JL9 reading recap > keeps facts on refresh failure, shows unavailable objects and reports click-time deletion 22ms
   × RS4 selected recap > separates viewing focus from explicit sharing, freezes the draft across refresh, and reselects new facts 60ms
     → expected "spy" to be called with arguments: [ …(4) ]

Number of calls: 0

   ✓ RS4 selected recap > clears selection and the image on chat change and keeps empty recaps unshareable 25ms
 ✓ src/components/RightRail.test.ts (43 tests) 1277ms
stderr | src/components/ShareImagePanel.test.ts
Warning: KaTeX doesn't work in quirks mode. Make sure your website has a suitable doctype.

stderr | src/components/ShareImagePanel.test.ts
Warning: KaTeX doesn't work in quirks mode. Make sure your website has a suitable doctype.

 ✓ src/components/ShareImagePanel.test.ts (4 tests) 139ms
stderr | src/NetworkApp.recap.test.ts
Warning: KaTeX doesn't work in quirks mode. Make sure your website has a suitable doctype.

stderr | src/NetworkApp.recap.test.ts
Warning: KaTeX doesn't work in quirks mode. Make sure your website has a suitable doctype.

 ✓ src/NetworkApp.recap.test.ts (1 test) 66ms
stderr | src/reading-share.test.ts
Warning: KaTeX doesn't work in quirks mode. Make sure your website has a suitable doctype.

stderr | src/reading-share.test.ts
Warning: KaTeX doesn't work in quirks mode. Make sure your website has a suitable doctype.

 ✓ src/reading-share.test.ts (5 tests) 50ms
stderr | src/session-recap.test.ts
Warning: KaTeX doesn't work in quirks mode. Make sure your website has a suitable doctype.

stderr | src/session-recap.test.ts
Warning: KaTeX doesn't work in quirks mode. Make sure your website has a suitable doctype.

 ✓ src/session-recap.test.ts (1 test) 96ms

⎯⎯⎯⎯⎯⎯⎯ Failed Tests 1 ⎯⎯⎯⎯⎯⎯⎯

 FAIL  src/components/SessionRecap.test.ts > RS4 selected recap > separates viewing focus from explicit sharing, freezes the draft across refresh, and reselects new facts
AssertionError: expected "spy" to be called with arguments: [ …(4) ]

Number of calls: 0

 ❯ src/components/SessionRecap.test.ts:109:23
    107|     await panel.findAll('button').find(b => b.text() === '下载 PNG')!.tr…
    108|     expect(renderShare).toHaveBeenCalledWith(expect.objectContaining({…
    109|     expect(saveShare).toHaveBeenCalledWith(png, 'blob:recap', expect.a…
       |                       ^
    110|     expect(read).toHaveBeenCalledTimes(2);
    111|     await panel.get('.share-reselect').trigger('click'); await flushPr…

⎯⎯⎯⎯⎯⎯⎯⎯⎯⎯⎯⎯⎯⎯⎯⎯⎯⎯⎯⎯⎯⎯⎯⎯[1/1]⎯


 Test Files  1 failed | 5 passed (6)
      Tests  1 failed | 58 passed (59)
   Start at  15:56:03
   Duration  18.19s (transform 1.76s, setup 0ms, collect 6.48s, tests 1.90s, environment 20.50s, prepare 2.78s)

undefined
E:\allwork\download\agent\understand-book-reading-share\packages\web:
 ERR_PNPM_RECURSIVE_EXEC_FIRST_FAIL  Command failed with exit code 1: vitest run src/session-recap.test.ts src/components/SessionRecap.test.ts src/components/ShareImagePanel.test.ts src/reading-share.test.ts src/components/RightRail.test.ts src/NetworkApp.recap.test.ts --maxWorkers=2
