[WebServer] (node:24312) Warning: The 'NO_COLOR' env is ignored due to the 'FORCE_COLOR' env being set.
[WebServer] (Use `node --trace-warnings ...` to show where the warning was created)
[WebServer] (node:23268) Warning: The 'NO_COLOR' env is ignored due to the 'FORCE_COLOR' env being set.
[WebServer] (Use `node --trace-warnings ...` to show where the warning was created)

Running 19 tests using 1 worker

(node:31552) Warning: The 'NO_COLOR' env is ignored due to the 'FORCE_COLOR' env being set.
(Use `node --trace-warnings ...` to show where the warning was created)
  ok  1 playwright\pdf-selection-actions.spec.ts:357:34 › RS1 previews and downloads selected notes without changing reading state at 390px (18.6s)
  ok  2 playwright\pdf-selection-actions.spec.ts:357:34 › RS1 previews and downloads selected notes without changing reading state at 1440px (13.7s)
  ok  3 playwright\pdf-selection-actions.spec.ts:581:1 › resolved real PDF selection performs three explicit actions and sends structured AskQuote (3.4s)
  ok  4 playwright\pdf-selection-actions.spec.ts:776:1 › RN3 PDF draft survives collapse, failure and a reduced keyboard viewport, then edits through the annotation (2.7s)
  ok  5 playwright\pdf-selection-actions.spec.ts:816:1 › RN3 Markdown and delivered answer entries share the editor, preserving old mixed notes and material-switch choices (3.4s)
  ok  6 playwright\pdf-selection-actions.spec.ts:877:44 › RN4 retrieves mixed notes and preserves edit/delete/answer continuity at 320px (2.3s)
  ok  7 playwright\pdf-selection-actions.spec.ts:877:44 › RN4 retrieves mixed notes and preserves edit/delete/answer continuity at 390px (1.9s)
  ok  8 playwright\pdf-selection-actions.spec.ts:877:44 › RN4 retrieves mixed notes and preserves edit/delete/answer continuity at 768px (2.1s)
  ok  9 playwright\pdf-selection-actions.spec.ts:877:44 › RN4 retrieves mixed notes and preserves edit/delete/answer continuity at 1440px (2.5s)
  ok 10 playwright\pdf-selection-actions.spec.ts:934:34 › RS2 rich content paginates completely and saves the exact preview at 390px (13.0s)
  ok 11 playwright\pdf-selection-actions.spec.ts:934:34 › RS2 rich content paginates completely and saves the exact preview at 1440px (11.5s)
  ok 12 playwright\pdf-selection-actions.spec.ts:978:1 › RS2 PDF exact selection and saved highlight use original text and source, partial selection cannot share (3.7s)
  ok 13 playwright\pdf-selection-actions.spec.ts:999:1 › RS2 Markdown cross-paragraph selection preserves source text and downloads a later page (6.2s)
  ok 14 playwright\pdf-selection-actions.spec.ts:1037:1 › RS3 visual cards group the original excerpt, reflection and source in both layouts and palettes (10.1s)
  ok 15 playwright\pdf-selection-actions.spec.ts:1072:44 › RS3 all pages save and close preserves reading and chat at 320px (13.8s)
  ok 16 playwright\pdf-selection-actions.spec.ts:1072:44 › RS3 all pages save and close preserves reading and chat at 390px (13.7s)
  ok 17 playwright\pdf-selection-actions.spec.ts:1072:44 › RS3 all pages save and close preserves reading and chat at 768px (15.0s)
  ok 18 playwright\pdf-selection-actions.spec.ts:1072:44 › RS3 all pages save and close preserves reading and chat at 1440px (17.8s)
  ok 19 playwright\pdf-selection-actions.spec.ts:1139:1 › RS2 overwide tables and formulas fail before PNG export; long ordered lists and code preserve every item (2.0s)

  19 passed (2.8m)
