[WebServer] (node:30628) Warning: The 'NO_COLOR' env is ignored due to the 'FORCE_COLOR' env being set.
[WebServer] (Use `node --trace-warnings ...` to show where the warning was created)
[WebServer] (node:13260) Warning: The 'NO_COLOR' env is ignored due to the 'FORCE_COLOR' env being set.
[WebServer] (Use `node --trace-warnings ...` to show where the warning was created)

Running 4 tests using 1 worker

(node:34424) Warning: The 'NO_COLOR' env is ignored due to the 'FORCE_COLOR' env being set.
(Use `node --trace-warnings ...` to show where the warning was created)
  x  1 playwright\pdf-selection-actions.spec.ts:934:34 › RS2 rich content paginates completely and saves the exact preview at 390px (19.1s)
(node:21368) Warning: The 'NO_COLOR' env is ignored due to the 'FORCE_COLOR' env being set.
(Use `node --trace-warnings ...` to show where the warning was created)
  x  2 playwright\pdf-selection-actions.spec.ts:934:34 › RS2 rich content paginates completely and saves the exact preview at 1440px (12.2s)
(node:25484) Warning: The 'NO_COLOR' env is ignored due to the 'FORCE_COLOR' env being set.
(Use `node --trace-warnings ...` to show where the warning was created)
  ok 3 playwright\pdf-selection-actions.spec.ts:1037:1 › RS3 visual cards group the original excerpt, reflection and source in both layouts and palettes (10.5s)
  ok 4 playwright\pdf-selection-actions.spec.ts:1139:1 › RS2 overwide tables and formulas fail before PNG export; long ordered lists and code preserve every item (1.4s)


  1) playwright\pdf-selection-actions.spec.ts:934:34 › RS2 rich content paginates completely and saves the exact preview at 390px 

    Error: page 2

    expect(received).toBe(expected) // Object.is equality

    Expected: true
    Received: false

      970 |   for (const [index,file] of result.files.entries()) { const {writeFileSync}=await import('node:fs');writeFileSync(info.outputPath(`rs2-page-${index+1}.png`),Buffer.from(file.bytes)); }
      971 |   for (const [index,file] of result.files.entries()) {
    > 972 |     expect(file.headerMatches, `page ${index+1}`).toBe(true); expect(file.width).toBe(1080); expect(file.height).toBe(1440); expect(file.dark).toBeGreaterThan(3000);
          |                                                   ^
      973 |     expect(result.sources[index]).toContain('《学习与理解》');
      974 |   }
      975 |   expect(calls.notes).toEqual([]); expect(calls.agent).toEqual([]);
        at E:\allwork\download\agent\understand-book-reading-share\packages\web\playwright\pdf-selection-actions.spec.ts:972:51

    Error Context: test-results\pdf-selection-actions-RS2--b6d9b--the-exact-preview-at-390px\error-context.md

  2) playwright\pdf-selection-actions.spec.ts:934:34 › RS2 rich content paginates completely and saves the exact preview at 1440px 

    Error: page 2

    expect(received).toBe(expected) // Object.is equality

    Expected: true
    Received: false

      970 |   for (const [index,file] of result.files.entries()) { const {writeFileSync}=await import('node:fs');writeFileSync(info.outputPath(`rs2-page-${index+1}.png`),Buffer.from(file.bytes)); }
      971 |   for (const [index,file] of result.files.entries()) {
    > 972 |     expect(file.headerMatches, `page ${index+1}`).toBe(true); expect(file.width).toBe(1080); expect(file.height).toBe(1440); expect(file.dark).toBeGreaterThan(3000);
          |                                                   ^
      973 |     expect(result.sources[index]).toContain('《学习与理解》');
      974 |   }
      975 |   expect(calls.notes).toEqual([]); expect(calls.agent).toEqual([]);
        at E:\allwork\download\agent\understand-book-reading-share\packages\web\playwright\pdf-selection-actions.spec.ts:972:51

    Error Context: test-results\pdf-selection-actions-RS2--9a230-the-exact-preview-at-1440px\error-context.md

  2 failed
    playwright\pdf-selection-actions.spec.ts:934:34 › RS2 rich content paginates completely and saves the exact preview at 390px 
    playwright\pdf-selection-actions.spec.ts:934:34 › RS2 rich content paginates completely and saves the exact preview at 1440px 
  2 passed (53.6s)
undefined
E:\allwork\download\agent\understand-book-reading-share\packages\web:
 ERR_PNPM_RECURSIVE_EXEC_FIRST_FAIL  Command failed with exit code 1: playwright test playwright/pdf-selection-actions.spec.ts --grep RS3 visual|RS2 rich|RS2 overwide --workers=1
