
 RUN  v3.2.6 E:/allwork/download/agent/understand-book-reading-share/packages/web

stderr | src/App.startup.test.ts
Warning: KaTeX doesn't work in quirks mode. Make sure your website has a suitable doctype.

stderr | src/components/ShareImagePanel.test.ts
Warning: KaTeX doesn't work in quirks mode. Make sure your website has a suitable doctype.

stderr | src/App.startup.test.ts
Warning: KaTeX doesn't work in quirks mode. Make sure your website has a suitable doctype.

stderr | src/components/ShareImagePanel.test.ts
Warning: KaTeX doesn't work in quirks mode. Make sure your website has a suitable doctype.

 ✓ src/components/ShareImagePanel.test.ts (4 tests) 195ms
stderr | src/reading-share.test.ts
Warning: KaTeX doesn't work in quirks mode. Make sure your website has a suitable doctype.

stderr | src/reading-share.test.ts
Warning: KaTeX doesn't work in quirks mode. Make sure your website has a suitable doctype.

 ✓ src/reading-share.test.ts (5 tests) 56ms
 ✓ src/App.startup.test.ts (49 tests) 1913ms
stderr | src/reading-share-save.test.ts
Warning: KaTeX doesn't work in quirks mode. Make sure your website has a suitable doctype.

stderr | src/reading-share-save.test.ts
Warning: KaTeX doesn't work in quirks mode. Make sure your website has a suitable doctype.

 ✓ src/reading-share-save.test.ts (2 tests) 13ms

 Test Files  4 passed (4)
      Tests  60 passed (60)
   Start at  15:27:22
   Duration  27.65s (transform 6.42s, setup 0ms, collect 16.10s, tests 2.18s, environment 21.17s, prepare 3.70s)

